// Jest Snapshot v1, https://goo.gl/fbAQLP

exports[`DLT API Test 1`] = `
Object {
  "Resources": Object {
    "TestConsoleResourcesDLTCloudFrontToS3CloudFrontDistribution4534927E": Object {
      "Metadata": Object {
        "cfn_nag": Object {
          "rules_to_suppress": Array [
            Object {
              "id": "W70",
              "reason": "Since the distribution uses the CloudFront domain name, CloudFront automatically sets the security policy to TLSv1 regardless of the value of MinimumProtocolVersion",
            },
          ],
        },
      },
      "Properties": Object {
        "DistributionConfig": Object {
          "Comment": "Website distribution for the Distributed Load Testing solution",
          "CustomErrorResponses": Array [
            Object {
              "ErrorCode": 403,
              "ResponseCode": 200,
              "ResponsePagePath": "/index.html",
            },
            Object {
              "ErrorCode": 404,
              "ResponseCode": 200,
              "ResponsePagePath": "/index.html",
            },
          ],
          "DefaultCacheBehavior": Object {
            "CachePolicyId": "658327ea-f89d-4fab-a63d-7e88639e58f6",
            "Compress": true,
            "TargetOriginId": "DLTStackTestConsoleResourcesDLTCloudFrontToS3CloudFrontDistributionOrigin1AA2FCD06",
            "ViewerProtocolPolicy": "redirect-to-https",
          },
          "DefaultRootObject": "index.html",
          "Enabled": true,
          "HttpVersion": "http2",
          "IPV6Enabled": true,
          "Logging": Object {
            "Bucket": Object {
              "Fn::GetAtt": Array [
                "testSourceCodeBucketC577B176",
                "RegionalDomainName",
              ],
            },
            "Prefix": "cloudfront-logs/",
          },
          "Origins": Array [
            Object {
              "DomainName": Object {
                "Fn::GetAtt": Array [
                  "TestConsoleResourcesDLTCloudFrontToS3S3BucketAC4D9E17",
                  "RegionalDomainName",
                ],
              },
              "Id": "DLTStackTestConsoleResourcesDLTCloudFrontToS3CloudFrontDistributionOrigin1AA2FCD06",
              "S3OriginConfig": Object {
                "OriginAccessIdentity": Object {
                  "Fn::Join": Array [
                    "",
                    Array [
                      "origin-access-identity/cloudfront/",
                      Object {
                        "Ref": "TestConsoleResourcesDLTCloudFrontToS3CloudFrontDistributionOrigin1S3OriginDB11D6D3",
                      },
                    ],
                  ],
                },
              },
            },
          ],
        },
      },
      "Type": "AWS::CloudFront::Distribution",
    },
    "TestConsoleResourcesDLTCloudFrontToS3CloudFrontDistributionOrigin1S3OriginDB11D6D3": Object {
      "Properties": Object {
        "CloudFrontOriginAccessIdentityConfig": Object {
          "Comment": "Identity for DLTStackTestConsoleResourcesDLTCloudFrontToS3CloudFrontDistributionOrigin1AA2FCD06",
        },
      },
      "Type": "AWS::CloudFront::CloudFrontOriginAccessIdentity",
    },
    "TestConsoleResourcesDLTCloudFrontToS3S3BucketAC4D9E17": Object {
      "DeletionPolicy": "Retain",
      "Properties": Object {
        "BucketEncryption": Object {
          "ServerSideEncryptionConfiguration": Array [
            Object {
              "ServerSideEncryptionByDefault": Object {
                "SSEAlgorithm": "AES256",
              },
            },
          ],
        },
        "LifecycleConfiguration": Object {
          "Rules": Array [
            Object {
              "NoncurrentVersionTransitions": Array [
                Object {
                  "StorageClass": "GLACIER",
                  "TransitionInDays": 90,
                },
              ],
              "Status": "Enabled",
            },
          ],
        },
        "LoggingConfiguration": Object {
          "DestinationBucketName": Object {
            "Ref": "testSourceCodeBucketC577B176",
          },
          "LogFilePrefix": "console-bucket-access/",
        },
        "PublicAccessBlockConfiguration": Object {
          "BlockPublicAcls": true,
          "BlockPublicPolicy": true,
          "IgnorePublicAcls": true,
          "RestrictPublicBuckets": true,
        },
        "VersioningConfiguration": Object {
          "Status": "Enabled",
        },
      },
      "Type": "AWS::S3::Bucket",
      "UpdateReplacePolicy": "Retain",
    },
    "TestConsoleResourcesDLTCloudFrontToS3S3BucketPolicy2004C0F3": Object {
      "Metadata": Object {
        "cfn_nag": Object {
          "rules_to_suppress": Array [
            Object {
              "id": "F16",
              "reason": "Public website bucket policy requires a wildcard principal",
            },
          ],
        },
      },
      "Properties": Object {
        "Bucket": Object {
          "Ref": "TestConsoleResourcesDLTCloudFrontToS3S3BucketAC4D9E17",
        },
        "PolicyDocument": Object {
          "Statement": Array [
            Object {
              "Action": "s3:*",
              "Condition": Object {
                "Bool": Object {
                  "aws:SecureTransport": "false",
                },
              },
              "Effect": "Deny",
              "Principal": Object {
                "AWS": "*",
              },
              "Resource": Array [
                Object {
                  "Fn::GetAtt": Array [
                    "TestConsoleResourcesDLTCloudFrontToS3S3BucketAC4D9E17",
                    "Arn",
                  ],
                },
                Object {
                  "Fn::Join": Array [
                    "",
                    Array [
                      Object {
                        "Fn::GetAtt": Array [
                          "TestConsoleResourcesDLTCloudFrontToS3S3BucketAC4D9E17",
                          "Arn",
                        ],
                      },
                      "/*",
                    ],
                  ],
                },
              ],
            },
            Object {
              "Action": "s3:GetObject",
              "Effect": "Allow",
              "Principal": Object {
                "CanonicalUser": Object {
                  "Fn::GetAtt": Array [
                    "TestConsoleResourcesDLTCloudFrontToS3CloudFrontDistributionOrigin1S3OriginDB11D6D3",
                    "S3CanonicalUserId",
                  ],
                },
              },
              "Resource": Object {
                "Fn::Join": Array [
                  "",
                  Array [
                    Object {
                      "Fn::GetAtt": Array [
                        "TestConsoleResourcesDLTCloudFrontToS3S3BucketAC4D9E17",
                        "Arn",
                      ],
                    },
                    "/*",
                  ],
                ],
              },
            },
          ],
          "Version": "2012-10-17",
        },
      },
      "Type": "AWS::S3::BucketPolicy",
    },
    "testSourceCodeBucketC577B176": Object {
      "DeletionPolicy": "Retain",
      "Properties": Object {
        "AccessControl": "LogDeliveryWrite",
        "OwnershipControls": Object {
          "Rules": Array [
            Object {
              "ObjectOwnership": "ObjectWriter",
            },
          ],
        },
      },
      "Type": "AWS::S3::Bucket",
      "UpdateReplacePolicy": "Retain",
    },
  },
}
`;
