// Jest Snapshot v1, https://goo.gl/fbAQLP

exports[`DLT API Test 1`] = `
Object {
  "Resources": Object {
    "TestScenarioStorageDLTHistoryTable3639137E": Object {
      "DeletionPolicy": "Retain",
      "Properties": Object {
        "AttributeDefinitions": Array [
          Object {
            "AttributeName": "testId",
            "AttributeType": "S",
          },
          Object {
            "AttributeName": "testRunId",
            "AttributeType": "S",
          },
        ],
        "BillingMode": "PAY_PER_REQUEST",
        "KeySchema": Array [
          Object {
            "AttributeName": "testId",
            "KeyType": "HASH",
          },
          Object {
            "AttributeName": "testRunId",
            "KeyType": "RANGE",
          },
        ],
        "PointInTimeRecoverySpecification": Object {
          "PointInTimeRecoveryEnabled": true,
        },
        "SSESpecification": Object {
          "SSEEnabled": true,
        },
      },
      "Type": "AWS::DynamoDB::Table",
      "UpdateReplacePolicy": "Retain",
    },
    "TestScenarioStorageDLTScenariosBucket9A78F6FF": Object {
      "DeletionPolicy": "Retain",
      "Properties": Object {
        "BucketEncryption": Object {
          "ServerSideEncryptionConfiguration": Array [
            Object {
              "ServerSideEncryptionByDefault": Object {
                "SSEAlgorithm": "aws:kms",
              },
            },
          ],
        },
        "CorsConfiguration": Object {
          "CorsRules": Array [
            Object {
              "AllowedHeaders": Array [
                "*",
              ],
              "AllowedMethods": Array [
                "GET",
                "POST",
                "PUT",
              ],
              "AllowedOrigins": Array [
                "https://test.exampledomain.com",
              ],
              "ExposedHeaders": Array [
                "ETag",
              ],
            },
          ],
        },
        "LoggingConfiguration": Object {
          "DestinationBucketName": Object {
            "Ref": "testLogsBucket85E419AD",
          },
          "LogFilePrefix": "scenarios-bucket-access/",
        },
        "PublicAccessBlockConfiguration": Object {
          "BlockPublicAcls": true,
          "BlockPublicPolicy": true,
          "IgnorePublicAcls": true,
          "RestrictPublicBuckets": true,
        },
      },
      "Type": "AWS::S3::Bucket",
      "UpdateReplacePolicy": "Retain",
    },
    "TestScenarioStorageDLTScenariosBucketPolicyDD7EC971": Object {
      "Properties": Object {
        "Bucket": Object {
          "Ref": "TestScenarioStorageDLTScenariosBucket9A78F6FF",
        },
        "PolicyDocument": Object {
          "Statement": Array [
            Object {
              "Action": "s3:*",
              "Condition": Object {
                "Bool": Object {
                  "aws:SecureTransport": false,
                },
              },
              "Effect": "Deny",
              "Principal": Object {
                "AWS": "*",
              },
              "Resource": Array [
                Object {
                  "Fn::GetAtt": Array [
                    "TestScenarioStorageDLTScenariosBucket9A78F6FF",
                    "Arn",
                  ],
                },
                Object {
                  "Fn::Join": Array [
                    "",
                    Array [
                      Object {
                        "Fn::GetAtt": Array [
                          "TestScenarioStorageDLTScenariosBucket9A78F6FF",
                          "Arn",
                        ],
                      },
                      "/*",
                    ],
                  ],
                },
              ],
            },
          ],
          "Version": "2012-10-17",
        },
      },
      "Type": "AWS::S3::BucketPolicy",
    },
    "TestScenarioStorageDLTScenariosTable136C8D56": Object {
      "DeletionPolicy": "Retain",
      "Properties": Object {
        "AttributeDefinitions": Array [
          Object {
            "AttributeName": "testId",
            "AttributeType": "S",
          },
        ],
        "BillingMode": "PAY_PER_REQUEST",
        "KeySchema": Array [
          Object {
            "AttributeName": "testId",
            "KeyType": "HASH",
          },
        ],
        "PointInTimeRecoverySpecification": Object {
          "PointInTimeRecoveryEnabled": true,
        },
        "SSESpecification": Object {
          "SSEEnabled": true,
        },
      },
      "Type": "AWS::DynamoDB::Table",
      "UpdateReplacePolicy": "Retain",
    },
    "testLogsBucket85E419AD": Object {
      "DeletionPolicy": "Retain",
      "Properties": Object {
        "AccessControl": "LogDeliveryWrite",
        "OwnershipControls": Object {
          "Rules": Array [
            Object {
              "ObjectOwnership": "ObjectWriter",
            },
          ],
        },
      },
      "Type": "AWS::S3::Bucket",
      "UpdateReplacePolicy": "Retain",
    },
  },
}
`;
